---
source: cli/tests/cli.rs
info:
  program: annis
  args:
    - "../graphannis/tests/data/"
    - "-c"
    - list
---
success: true
exit_code: 0
----- stdout -----
sample-disk-based-1.5 (not loaded)
sample-disk-based-3.2 (not loaded)
sample-disk-based-3.3 (not loaded)
sample-disk-based-3.8 (not loaded)
sample-memory-based-1.5 (not loaded)
sample-memory-based-3.2 (not loaded)
sample-memory-based-3.3 (not loaded)
graphANNIS says good-bye!

----- stderr -----
